#
# There is insufficient memory for the Java Runtime Environment to continue.
# Native memory allocation (mmap) failed to map 257949696 bytes. Error detail: G1 virtual space
# Possible reasons:
#   The system is out of physical RAM or swap space
#   This process is running with CompressedOops enabled, and the Java Heap may be blocking the growth of the native heap
# Possible solutions:
#   Reduce memory load on the system
#   Increase physical memory or swap space
#   Check if swap backing store is full
#   Decrease Java heap size (-Xmx/-Xms)
#   Decrease number of Java threads
#   Decrease Java thread stack sizes (-Xss)
#   Set larger code cache with -XX:ReservedCodeCacheSize=
#   JVM is running with Unscaled Compressed Oops mode in which the Java heap is
#     placed in the first 4GB address space. The Java Heap base address is the
#     maximum limit for the native heap growth. Please use -XX:HeapBaseMinAddress
#     to set the Java Heap base and to place the Java Heap above 4GB virtual address.
# This output file may be truncated or incomplete.
#
#  Out of Memory Error (os_windows.cpp:3613), pid=12364, tid=18368
#
# JRE version:  (17.0.11+9) (build )
# Java VM: OpenJDK 64-Bit Server VM (17.0.11+9, mixed mode, emulated-client, sharing, tiered, compressed oops, compressed class ptrs, g1 gc, windows-amd64)
# No core dump will be written. Minidumps are not enabled by default on client versions of Windows
#

---------------  S U M M A R Y ------------

Command Line: -Xmx1024m -Dsts.lsp.client=vscode -Dsts.log.file=/dev/null -XX:TieredStopAtLevel=1 -Xlog:jni+resolve=off -Dspring.config.location=file:c:\Users\aybiy\.vscode\extensions\vmware.vscode-spring-boot-1.56.0\language-server\BOOT-INF\classes\application.properties org.springframework.ide.vscode.boot.app.BootLanguageServerBootApp

Host: AMD Ryzen 5 4600H with Radeon Graphics         , 12 cores, 15G,  Windows 11 , 64 bit Build 22621 (10.0.22621.3672)
Time: Tue Jul 30 04:34:51 2024 Eastern Daylight Time elapsed time: 0.027235 seconds (0d 0h 0m 0s)

---------------  T H R E A D  ---------------

Current thread (0x000002a90f7f7dc0):  JavaThread "Unknown thread" [_thread_in_vm, id=18368, stack(0x000000b8b4e00000,0x000000b8b4f00000)]

Stack: [0x000000b8b4e00000,0x000000b8b4f00000]
Native frames: (J=compiled Java code, j=interpreted, Vv=VM code, C=native code)
V  [jvm.dll+0x67d429]
V  [jvm.dll+0x834b7a]
V  [jvm.dll+0x83663e]
V  [jvm.dll+0x836ca3]
V  [jvm.dll+0x247dbf]
V  [jvm.dll+0x67a269]
V  [jvm.dll+0x66ecda]
V  [jvm.dll+0x30797b]
V  [jvm.dll+0x30ee26]
V  [jvm.dll+0x35e80e]
V  [jvm.dll+0x35ea3f]
V  [jvm.dll+0x2de6b8]
V  [jvm.dll+0x2df624]
V  [jvm.dll+0x806531]
V  [jvm.dll+0x36c561]
V  [jvm.dll+0x7e4f56]
V  [jvm.dll+0x3efdcf]
V  [jvm.dll+0x3f1921]
C  [jli.dll+0x528f]
C  [ucrtbase.dll+0x29333]
C  [KERNEL32.DLL+0x1257d]
C  [ntdll.dll+0x5af28]


---------------  P R O C E S S  ---------------

Threads class SMR info:
_java_thread_list=0x00007fff608ceed8, length=0, elements={
}

Java Threads: ( => current thread )

Other Threads:
  0x000002a90f8366d0 GCTaskThread "GC Thread#0" [stack: 0x000000b8b4f00000,0x000000b8b5000000] [id=8496]
  0x000002a90f83f530 ConcurrentGCThread "G1 Main Marker" [stack: 0x000000b8b5000000,0x000000b8b5100000] [id=26260]
  0x000002a90f83fe60 ConcurrentGCThread "G1 Conc#0" [stack: 0x000000b8b5100000,0x000000b8b5200000] [id=3020]

[error occurred during error reporting (printing all threads), id 0xc0000005, EXCEPTION_ACCESS_VIOLATION (0xc0000005) at pc=0x00007fff6008f0f7]

VM state: not at safepoint (not fully initialized)

VM Mutex/Monitor currently owned by a thread:  ([mutex/lock_event])
[0x000002a90f7f51b0] Heap_lock - owner thread: 0x000002a90f7f7dc0

Heap address: 0x00000000c0000000, size: 1024 MB, Compressed Oops mode: 32-bit

CDS archive(s) mapped at: [0x0000000000000000-0x0000000000000000-0x0000000000000000), size 0, SharedBaseAddress: 0x0000000800000000, ArchiveRelocationMode: 1.
Narrow klass base: 0x0000000000000000, Narrow klass shift: 0, Narrow klass range: 0x0

GC Precious Log:
<Empty>

Heap:
 garbage-first heap   total 0K, used 0K [0x00000000c0000000, 0x0000000100000000)
  region size 1024K, 0 young (0K), 0 survivors (0K)

[error occurred during error reporting (printing heap information), id 0xc0000005, EXCEPTION_ACCESS_VIOLATION (0xc0000005) at pc=0x00007fff604770c9]

GC Heap History (0 events):
No events

Dll operation events (1 events):
Event: 0.017 Loaded shared library c:\Users\aybiy\.vscode\extensions\redhat.java-1.32.0-win32-x64\jre\17.0.11-win32-x86_64\bin\java.dll

Deoptimization events (0 events):
No events

Classes unloaded (0 events):
No events

Classes redefined (0 events):
No events

Internal exceptions (0 events):
No events

VM Operations (0 events):
No events

Events (0 events):
No events


Dynamic libraries:
0x00007ff6a7020000 - 0x00007ff6a702e000 	c:\Users\aybiy\.vscode\extensions\redhat.java-1.32.0-win32-x64\jre\17.0.11-win32-x86_64\bin\java.exe
0x00007fffb2bd0000 - 0x00007fffb2de7000 	C:\WINDOWS\SYSTEM32\ntdll.dll
0x00007fffb1330000 - 0x00007fffb13f4000 	C:\WINDOWS\System32\KERNEL32.DLL
0x00007fffb0130000 - 0x00007fffb04dd000 	C:\WINDOWS\System32\KERNELBASE.dll
0x00007fffaffa0000 - 0x00007fffb00b1000 	C:\WINDOWS\System32\ucrtbase.dll
0x00007fffa9460000 - 0x00007fffa9477000 	c:\Users\aybiy\.vscode\extensions\redhat.java-1.32.0-win32-x64\jre\17.0.11-win32-x86_64\bin\jli.dll
0x00007fffa84f0000 - 0x00007fffa850b000 	c:\Users\aybiy\.vscode\extensions\redhat.java-1.32.0-win32-x64\jre\17.0.11-win32-x86_64\bin\VCRUNTIME140.dll
0x00007fffb1a50000 - 0x00007fffb1bfe000 	C:\WINDOWS\System32\USER32.dll
0x00007fffb05d0000 - 0x00007fffb05f6000 	C:\WINDOWS\System32\win32u.dll
0x00007fffb1460000 - 0x00007fffb1489000 	C:\WINDOWS\System32\GDI32.dll
0x00007fffb0600000 - 0x00007fffb0719000 	C:\WINDOWS\System32\gdi32full.dll
0x00007fff966e0000 - 0x00007fff96973000 	C:\WINDOWS\WinSxS\amd64_microsoft.windows.common-controls_6595b64144ccf1df_6.0.22621.3672_none_2713b9d173822955\COMCTL32.dll
0x00007fffaff00000 - 0x00007fffaff9a000 	C:\WINDOWS\System32\msvcp_win.dll
0x00007fffb1610000 - 0x00007fffb16b7000 	C:\WINDOWS\System32\msvcrt.dll
0x00007fffb1070000 - 0x00007fffb10a1000 	C:\WINDOWS\System32\IMM32.DLL
0x00007fffabce0000 - 0x00007fffabcec000 	c:\Users\aybiy\.vscode\extensions\redhat.java-1.32.0-win32-x64\jre\17.0.11-win32-x86_64\bin\vcruntime140_1.dll
0x00007fff63090000 - 0x00007fff6311d000 	c:\Users\aybiy\.vscode\extensions\redhat.java-1.32.0-win32-x64\jre\17.0.11-win32-x86_64\bin\msvcp140.dll
0x00007fff5fda0000 - 0x00007fff60a02000 	c:\Users\aybiy\.vscode\extensions\redhat.java-1.32.0-win32-x64\jre\17.0.11-win32-x86_64\bin\server\jvm.dll
0x00007fffb1270000 - 0x00007fffb1322000 	C:\WINDOWS\System32\ADVAPI32.dll
0x00007fffb2280000 - 0x00007fffb2329000 	C:\WINDOWS\System32\sechost.dll
0x00007fffb04e0000 - 0x00007fffb0508000 	C:\WINDOWS\System32\bcrypt.dll
0x00007fffb0d90000 - 0x00007fffb0ea4000 	C:\WINDOWS\System32\RPCRT4.dll
0x00007fff9d340000 - 0x00007fff9d349000 	C:\WINDOWS\SYSTEM32\WSOCK32.dll
0x00007fffadcb0000 - 0x00007fffadce4000 	C:\WINDOWS\SYSTEM32\WINMM.dll
0x00007fffafdc0000 - 0x00007fffafe0d000 	C:\WINDOWS\SYSTEM32\POWRPROF.dll
0x00007fffa6d80000 - 0x00007fffa6d8a000 	C:\WINDOWS\SYSTEM32\VERSION.dll
0x00007fffb1fa0000 - 0x00007fffb2011000 	C:\WINDOWS\System32\WS2_32.dll
0x00007fffafda0000 - 0x00007fffafdb3000 	C:\WINDOWS\SYSTEM32\UMPDC.dll
0x00007fffaef30000 - 0x00007fffaef48000 	C:\WINDOWS\SYSTEM32\kernel.appcore.dll
0x00007fffab110000 - 0x00007fffab11a000 	c:\Users\aybiy\.vscode\extensions\redhat.java-1.32.0-win32-x64\jre\17.0.11-win32-x86_64\bin\jimage.dll
0x00007fffad6f0000 - 0x00007fffad922000 	C:\WINDOWS\SYSTEM32\DBGHELP.DLL
0x00007fffb1c10000 - 0x00007fffb1f98000 	C:\WINDOWS\System32\combase.dll
0x00007fffb1710000 - 0x00007fffb17e7000 	C:\WINDOWS\System32\OLEAUT32.dll
0x00007fffa6cd0000 - 0x00007fffa6d02000 	C:\WINDOWS\SYSTEM32\dbgcore.DLL
0x00007fffb0720000 - 0x00007fffb079b000 	C:\WINDOWS\System32\bcryptPrimitives.dll
0x00007fffa3200000 - 0x00007fffa3225000 	c:\Users\aybiy\.vscode\extensions\redhat.java-1.32.0-win32-x64\jre\17.0.11-win32-x86_64\bin\java.dll

dbghelp: loaded successfully - version: 4.0.5 - missing functions: none
symbol engine: initialized successfully - sym options: 0x614 - pdb path: .;c:\Users\aybiy\.vscode\extensions\redhat.java-1.32.0-win32-x64\jre\17.0.11-win32-x86_64\bin;C:\WINDOWS\SYSTEM32;C:\WINDOWS\WinSxS\amd64_microsoft.windows.common-controls_6595b64144ccf1df_6.0.22621.3672_none_2713b9d173822955;c:\Users\aybiy\.vscode\extensions\redhat.java-1.32.0-win32-x64\jre\17.0.11-win32-x86_64\bin\server

VM Arguments:
jvm_args: -Xmx1024m -Dsts.lsp.client=vscode -Dsts.log.file=/dev/null -XX:TieredStopAtLevel=1 -Xlog:jni+resolve=off -Dspring.config.location=file:c:\Users\aybiy\.vscode\extensions\vmware.vscode-spring-boot-1.56.0\language-server\BOOT-INF\classes\application.properties 
java_command: org.springframework.ide.vscode.boot.app.BootLanguageServerBootApp
java_class_path (initial): c:\Users\aybiy\.vscode\extensions\vmware.vscode-spring-boot-1.56.0\language-server\BOOT-INF\classes;c:\Users\aybiy\.vscode\extensions\vmware.vscode-spring-boot-1.56.0\language-server\BOOT-INF\lib\annotations-24.1.0.jar;c:\Users\aybiy\.vscode\extensions\vmware.vscode-spring-boot-1.56.0\language-server\BOOT-INF\lib\antlr4-runtime-4.13.1.jar;c:\Users\aybiy\.vscode\extensions\vmware.vscode-spring-boot-1.56.0\language-server\BOOT-INF\lib\asm-9.7.jar;c:\Users\aybiy\.vscode\extensions\vmware.vscode-spring-boot-1.56.0\language-server\BOOT-INF\lib\asm-analysis-9.7.jar;c:\Users\aybiy\.vscode\extensions\vmware.vscode-spring-boot-1.56.0\language-server\BOOT-INF\lib\asm-tree-9.7.jar;c:\Users\aybiy\.vscode\extensions\vmware.vscode-spring-boot-1.56.0\language-server\BOOT-INF\lib\asm-util-9.7.jar;c:\Users\aybiy\.vscode\extensions\vmware.vscode-spring-boot-1.56.0\language-server\BOOT-INF\lib\caffeine-3.1.8.jar;c:\Users\aybiy\.vscode\extensions\vmware.vscode-spring-boot-1.56.0\language-server\BOOT-INF\lib\checker-qual-3.12.0.jar;c:\Users\aybiy\.vscode\extensions\vmware.vscode-spring-boot-1.56.0\language-server\BOOT-INF\lib\classgraph-4.8.149.jar;c:\Users\aybiy\.vscode\extensions\vmware.vscode-spring-boot-1.56.0\language-server\BOOT-INF\lib\commons-codec-1.16.1.jar;c:\Users\aybiy\.vscode\extensions\vmware.vscode-spring-boot-1.56.0\language-server\BOOT-INF\lib\commons-compress-1.26.2.jar;c:\Users\aybiy\.vscode\extensions\vmware.vscode-spring-boot-1.56.0\language-server\BOOT-INF\lib\commons-io-2.16.1.jar;c:\Users\aybiy\.vscode\extensions\vmware.vscode-spring-boot-1.56.0\language-server\BOOT-INF\lib\commons-java-1.56.0-SNAPSHOT.jar;c:\Users\aybiy\.vscode\extensions\vmware.vscode-spring-boot-1.56.0\language-server\BOOT-INF\lib\commons-lang3-3.14.0.jar;c:\Users\aybiy\.vscode\extensions\vmware.vscode-spring-boot-1.56.0\language-server\BOOT-INF\lib\commons-language-server-1.56.0-SNAPSHOT.jar;c:\Users\aybiy\.vscode\extensions\vmware.vscode-spring-boot-1.56.0\langu
Launcher Type: SUN_STANDARD

[Global flags]
     intx CICompilerCount                          = 4                                         {product} {ergonomic}
     uint ConcGCThreads                            = 3                                         {product} {ergonomic}
     uint G1ConcRefinementThreads                  = 10                                        {product} {ergonomic}
   size_t G1HeapRegionSize                         = 1048576                                   {product} {ergonomic}
    uintx GCDrainStackTargetSize                   = 64                                        {product} {ergonomic}
   size_t InitialHeapSize                          = 257949696                                 {product} {ergonomic}
   size_t MarkStackSize                            = 4194304                                   {product} {ergonomic}
   size_t MaxHeapSize                              = 1073741824                                {product} {command line}
   size_t MinHeapDeltaBytes                        = 1048576                                   {product} {ergonomic}
   size_t MinHeapSize                              = 8388608                                   {product} {ergonomic}
    uintx NonProfiledCodeHeapSize                  = 0                                      {pd product} {ergonomic}
     bool ProfileInterpreter                       = false                                  {pd product} {command line}
    uintx ProfiledCodeHeapSize                     = 0                                      {pd product} {ergonomic}
   size_t SoftMaxHeapSize                          = 1073741824                             {manageable} {ergonomic}
     intx TieredStopAtLevel                        = 1                                         {product} {command line}
     bool UseCompressedClassPointers               = true                           {product lp64_product} {ergonomic}
     bool UseCompressedOops                        = true                           {product lp64_product} {ergonomic}
     bool UseG1GC                                  = true                                      {product} {ergonomic}
     bool UseLargePagesIndividualAllocation        = false                                  {pd product} {ergonomic}

Logging:
Log output configuration:
 #0: stdout all=warning,jni+resolve=off uptime,level,tags (reconfigured)
 #1: stderr all=off uptime,level,tags

Environment Variables:
JAVA_HOME=C:\Program Files\Java\jdk-17\
PATH=;C:\Program Files\MySQL\MySQL Server 8.0\bin;C:\Program Files\nodejs\;C:\Program Files\Git\cmd;D:\C++ Tools\VC\Tools\MSVC\14.39.33519\bin\Hostx64\x64;C:\Users\aybiy\AppData\Roaming\Python\Scripts;D:\Programs\Tesseract;C:\Users\aybiy\AppData\Local\Programs\Python\Python312\Scripts\;C:\Users\aybiy\AppData\Local\Programs\Python\Python312\;C:\Users\aybiy\AppData\Local\Programs\Python\Launcher\;C:\Program Files\MySQL\MySQL Shell 8.0\bin\;C:\Users\aybiy\AppData\Local\Microsoft\WindowsApps;D:\Microsoft VS Code\bin;C:\Users\aybiy\.dotnet\tools;C:\Program Files\Java\jdk1.8.0_351\bin;C:\Program Files\MongoDB\Server\6.0\bin;C:\Program Files\MongoDB\Server\5.0;C:\Program Files\MongoDB\Server\5.0\bin;D:\Downloads\apache-maven-3.9.4-bin\apache-maven-3.9.4\bin;C:\Users\aybiy\AppData\Roaming\npm;C:\ProgramData\Oracle\Java\javapath;C:\Program Files\Java\jdk1.8.0_131\bin;C:\Program Files\Microsoft SQL Server\130\Tools\Binn\;C:\Program Files\dotnet\
USERNAME=aybiy
OS=Windows_NT
PROCESSOR_IDENTIFIER=AMD64 Family 23 Model 96 Stepping 1, AuthenticAMD
TMP=C:\Users\aybiy\AppData\Local\Temp
TEMP=C:\Users\aybiy\AppData\Local\Temp



Periodic native trim disabled


---------------  S Y S T E M  ---------------

OS:
 Windows 11 , 64 bit Build 22621 (10.0.22621.3672)
OS uptime: 4 days 23:53 hours

CPU: total 12 (initial active 12) (12 cores per cpu, 2 threads per core) family 23 model 96 stepping 1 microcode 0x0, cx8, cmov, fxsr, ht, mmx, 3dnowpref, sse, sse2, sse3, ssse3, sse4a, sse4.1, sse4.2, popcnt, lzcnt, tsc, tscinvbit, avx, avx2, aes, clmul, bmi1, bmi2, adx, sha, fma, vzeroupper, clflush, clflushopt
Processor Information for all 12 processors :
  Max Mhz: 3000, Current Mhz: 3000, Mhz Limit: 3000

Memory: 4k page, system-wide physical 15741M (1482M free)
TotalPageFile size 31101M (AvailPageFile size 182M)
current process WorkingSet (physical memory assigned to process): 11M, peak: 11M
current process commit charge ("private bytes"): 59M, peak: 305M

vm_info: OpenJDK 64-Bit Server VM (17.0.11+9) for windows-amd64 JRE (17.0.11+9), built on Apr 17 2024 06:07:48 by "admin" with MS VC++ 16.10 / 16.11 (VS2019)

END.
