#
# There is insufficient memory for the Java Runtime Environment to continue.
# Native memory allocation (malloc) failed to allocate 708016 bytes for Chunk::new
# Possible reasons:
#   The system is out of physical RAM or swap space
#   The process is running with CompressedOops enabled, and the Java Heap may be blocking the growth of the native heap
# Possible solutions:
#   Reduce memory load on the system
#   Increase physical memory or swap space
#   Check if swap backing store is full
#   Decrease Java heap size (-Xmx/-Xms)
#   Decrease number of Java threads
#   Decrease Java thread stack sizes (-Xss)
#   Set larger code cache with -XX:ReservedCodeCacheSize=
#   JVM is running with Zero Based Compressed Oops mode in which the Java heap is
#     placed in the first 32GB address space. The Java Heap base address is the
#     maximum limit for the native heap growth. Please use -XX:HeapBaseMinAddress
#     to set the Java Heap base and to place the Java Heap above 32GB virtual address.
# This output file may be truncated or incomplete.
#
#  Out of Memory Error (arena.cpp:189), pid=22672, tid=26856
#
# JRE version: Java(TM) SE Runtime Environment (17.0.8+9) (build 17.0.8+9-LTS-211)
# Java VM: Java HotSpot(TM) 64-Bit Server VM (17.0.8+9-LTS-211, mixed mode, sharing, tiered, compressed oops, compressed class ptrs, g1 gc, windows-amd64)
# No core dump will be written. Minidumps are not enabled by default on client versions of Windows
#

---------------  S U M M A R Y ------------

Command Line: -XX:+ShowCodeDetailsInExceptionMessages com.example.demo.DemoApplication

Host: AMD Ryzen 5 4600H with Radeon Graphics         , 12 cores, 15G,  Windows 11 , 64 bit Build 22621 (10.0.22621.3672)
Time: Sat Aug  3 06:55:51 2024 Eastern Daylight Time elapsed time: 94984.330315 seconds (1d 2h 23m 4s)

---------------  T H R E A D  ---------------

Current thread (0x00000259a1ece4f0):  JavaThread "C2 CompilerThread0" daemon [_thread_in_native, id=26856, stack(0x000000cb19e00000,0x000000cb19f00000)]


Current CompileTask:
C2:94984330 10206 %     4       sun.security.ec.XECOperations::pointMultiply @ 101 (383 bytes)

Stack: [0x000000cb19e00000,0x000000cb19f00000]
Native frames: (J=compiled Java code, j=interpreted, Vv=VM code, C=native code)
V  [jvm.dll+0x677d0a]
V  [jvm.dll+0x7d8c54]
V  [jvm.dll+0x7da3fe]
V  [jvm.dll+0x7daa63]
V  [jvm.dll+0x245c5f]
V  [jvm.dll+0xaaa6b]
V  [jvm.dll+0xab00c]
V  [jvm.dll+0x2ab5cf]
V  [jvm.dll+0x580435]
V  [jvm.dll+0x220b22]
V  [jvm.dll+0x220eff]
V  [jvm.dll+0x219e56]
V  [jvm.dll+0x217329]
V  [jvm.dll+0x1a3af0]
V  [jvm.dll+0x2270be]
V  [jvm.dll+0x22535b]
V  [jvm.dll+0x78e7bc]
V  [jvm.dll+0x788bba]
V  [jvm.dll+0x676b35]
C  [ucrtbase.dll+0x29333]
C  [KERNEL32.DLL+0x1257d]
C  [ntdll.dll+0x5af28]


---------------  P R O C E S S  ---------------

Threads class SMR info:
_java_thread_list=0x00000259ee0e9890, length=31, elements={
0x00000259a1eb2d30, 0x00000259a1eb35f0, 0x00000259a1ec6900, 0x00000259a1ec71c0,
0x00000259a1ec7a80, 0x00000259a1ec8340, 0x00000259a1ece4f0, 0x00000259e7001090,
0x00000259e7001990, 0x00000259e713a430, 0x00000259e7144300, 0x00000259e9de9780,
0x00000259e9de7aa0, 0x00000259e9de92b0, 0x00000259e9de6290, 0x00000259e9de75d0,
0x00000259e9de7100, 0x00000259e9de7f70, 0x00000259e9de6760, 0x00000259e9de8440,
0x00000259e9de8910, 0x00000259e9de8de0, 0x00000259e9de9c50, 0x00000259eaed6fa0,
0x00000259eaeda490, 0x00000259eaed9fc0, 0x00000259eaed9620, 0x00000259eaed6600,
0x00000259eaeda960, 0x00000259eaed9af0, 0x00000259eaedb300
}

Java Threads: ( => current thread )
  0x00000259a1eb2d30 JavaThread "Reference Handler" daemon [_thread_blocked, id=7352, stack(0x000000cb19800000,0x000000cb19900000)]
  0x00000259a1eb35f0 JavaThread "Finalizer" daemon [_thread_blocked, id=2436, stack(0x000000cb19900000,0x000000cb19a00000)]
  0x00000259a1ec6900 JavaThread "Signal Dispatcher" daemon [_thread_blocked, id=36596, stack(0x000000cb19a00000,0x000000cb19b00000)]
  0x00000259a1ec71c0 JavaThread "Attach Listener" daemon [_thread_blocked, id=8844, stack(0x000000cb19b00000,0x000000cb19c00000)]
  0x00000259a1ec7a80 JavaThread "Service Thread" daemon [_thread_blocked, id=19368, stack(0x000000cb19c00000,0x000000cb19d00000)]
  0x00000259a1ec8340 JavaThread "Monitor Deflation Thread" daemon [_thread_blocked, id=29272, stack(0x000000cb19d00000,0x000000cb19e00000)]
=>0x00000259a1ece4f0 JavaThread "C2 CompilerThread0" daemon [_thread_in_native, id=26856, stack(0x000000cb19e00000,0x000000cb19f00000)]
  0x00000259e7001090 JavaThread "C1 CompilerThread0" daemon [_thread_blocked, id=37440, stack(0x000000cb19f00000,0x000000cb1a000000)]
  0x00000259e7001990 JavaThread "Sweeper thread" daemon [_thread_blocked, id=13824, stack(0x000000cb1a000000,0x000000cb1a100000)]
  0x00000259e713a430 JavaThread "Notification Thread" daemon [_thread_blocked, id=8904, stack(0x000000cb1a100000,0x000000cb1a200000)]
  0x00000259e7144300 JavaThread "Common-Cleaner" daemon [_thread_blocked, id=2276, stack(0x000000cb1a300000,0x000000cb1a400000)]
  0x00000259e9de9780 JavaThread "Catalina-utility-1" [_thread_blocked, id=24784, stack(0x000000cb1b100000,0x000000cb1b200000)]
  0x00000259e9de7aa0 JavaThread "Catalina-utility-2" [_thread_blocked, id=3808, stack(0x000000cb1b200000,0x000000cb1b300000)]
  0x00000259e9de92b0 JavaThread "container-0" [_thread_blocked, id=33824, stack(0x000000cb1b300000,0x000000cb1b400000)]
  0x00000259e9de6290 JavaThread "mysql-cj-abandoned-connection-cleanup" daemon [_thread_blocked, id=24628, stack(0x000000cb1b400000,0x000000cb1b500000)]
  0x00000259e9de75d0 JavaThread "HikariPool-1 housekeeper" daemon [_thread_blocked, id=29040, stack(0x000000cb1b600000,0x000000cb1b700000)]
  0x00000259e9de7100 JavaThread "http-nio-8080-exec-1" daemon [_thread_blocked, id=24092, stack(0x000000cb1b800000,0x000000cb1b900000)]
  0x00000259e9de7f70 JavaThread "http-nio-8080-exec-2" daemon [_thread_blocked, id=30676, stack(0x000000cb1b900000,0x000000cb1ba00000)]
  0x00000259e9de6760 JavaThread "http-nio-8080-exec-3" daemon [_thread_blocked, id=35352, stack(0x000000cb1ba00000,0x000000cb1bb00000)]
  0x00000259e9de8440 JavaThread "http-nio-8080-exec-4" daemon [_thread_blocked, id=7936, stack(0x000000cb1bb00000,0x000000cb1bc00000)]
  0x00000259e9de8910 JavaThread "http-nio-8080-exec-5" daemon [_thread_blocked, id=13164, stack(0x000000cb1bc00000,0x000000cb1bd00000)]
  0x00000259e9de8de0 JavaThread "http-nio-8080-exec-6" daemon [_thread_blocked, id=15660, stack(0x000000cb1bd00000,0x000000cb1be00000)]
  0x00000259e9de9c50 JavaThread "http-nio-8080-exec-7" daemon [_thread_blocked, id=15964, stack(0x000000cb1be00000,0x000000cb1bf00000)]
  0x00000259eaed6fa0 JavaThread "http-nio-8080-exec-8" daemon [_thread_blocked, id=2852, stack(0x000000cb1bf00000,0x000000cb1c000000)]
  0x00000259eaeda490 JavaThread "http-nio-8080-exec-9" daemon [_thread_blocked, id=12576, stack(0x000000cb1c000000,0x000000cb1c100000)]
  0x00000259eaed9fc0 JavaThread "http-nio-8080-exec-10" daemon [_thread_blocked, id=24532, stack(0x000000cb1c100000,0x000000cb1c200000)]
  0x00000259eaed9620 JavaThread "http-nio-8080-Poller" daemon [_thread_in_native, id=35492, stack(0x000000cb1c200000,0x000000cb1c300000)]
  0x00000259eaed6600 JavaThread "http-nio-8080-Acceptor" daemon [_thread_in_native, id=29840, stack(0x000000cb1c300000,0x000000cb1c400000)]
  0x00000259eaeda960 JavaThread "DestroyJavaVM" [_thread_blocked, id=9644, stack(0x000000cb19100000,0x000000cb19200000)]
  0x00000259eaed9af0 JavaThread "HikariPool-1 connection closer" daemon [_thread_blocked, id=2644, stack(0x000000cb18e00000,0x000000cb18f00000)]
  0x00000259eaedb300 JavaThread "HikariPool-1 connection adder" daemon [_thread_blocked, id=31504, stack(0x000000cb19000000,0x000000cb19100000)]

Other Threads:
  0x00000259a1eab420 VMThread "VM Thread" [stack: 0x000000cb19700000,0x000000cb19800000] [id=27380]
  0x00000259ff234420 WatcherThread [stack: 0x000000cb1a200000,0x000000cb1a300000] [id=37164]
  0x00000259ff208370 GCTaskThread "GC Thread#0" [stack: 0x000000cb19200000,0x000000cb19300000] [id=6244]
  0x00000259e7d26cd0 GCTaskThread "GC Thread#1" [stack: 0x000000cb1a500000,0x000000cb1a600000] [id=2732]
  0x00000259e7d26f80 GCTaskThread "GC Thread#2" [stack: 0x000000cb1a600000,0x000000cb1a700000] [id=14464]
  0x00000259e7d3e8f0 GCTaskThread "GC Thread#3" [stack: 0x000000cb1a700000,0x000000cb1a800000] [id=13160]
  0x00000259e7d3eba0 GCTaskThread "GC Thread#4" [stack: 0x000000cb1a800000,0x000000cb1a900000] [id=10300]
  0x00000259e828d410 GCTaskThread "GC Thread#5" [stack: 0x000000cb1aa00000,0x000000cb1ab00000] [id=23864]
  0x00000259e7de03a0 GCTaskThread "GC Thread#6" [stack: 0x000000cb1ab00000,0x000000cb1ac00000] [id=37528]
  0x00000259e7fbe9c0 GCTaskThread "GC Thread#7" [stack: 0x000000cb1ac00000,0x000000cb1ad00000] [id=22196]
  0x00000259e8343390 GCTaskThread "GC Thread#8" [stack: 0x000000cb1ad00000,0x000000cb1ae00000] [id=2556]
  0x00000259e8a642f0 GCTaskThread "GC Thread#9" [stack: 0x000000cb1ae00000,0x000000cb1af00000] [id=30212]
  0x00000259ff2187c0 ConcurrentGCThread "G1 Main Marker" [stack: 0x000000cb19300000,0x000000cb19400000] [id=9448]
  0x00000259ff2190e0 ConcurrentGCThread "G1 Conc#0" [stack: 0x000000cb19400000,0x000000cb19500000] [id=36884]
  0x00000259e985dcc0 ConcurrentGCThread "G1 Conc#1" [stack: 0x000000cb1af00000,0x000000cb1b000000] [id=34784]
  0x00000259e985e4d0 ConcurrentGCThread "G1 Conc#2" [stack: 0x000000cb1b000000,0x000000cb1b100000] [id=11140]
  0x00000259a1d61150 ConcurrentGCThread "G1 Refine#0" [stack: 0x000000cb19500000,0x000000cb19600000] [id=11552]
  0x00000259e9cc2860 ConcurrentGCThread "G1 Refine#1" [stack: 0x000000cb18f00000,0x000000cb19000000] [id=23484]
  0x00000259a1d61980 ConcurrentGCThread "G1 Service" [stack: 0x000000cb19600000,0x000000cb19700000] [id=14780]

Threads with active compile tasks:
C2 CompilerThread0  94984357 10206 %     4       sun.security.ec.XECOperations::pointMultiply @ 101 (383 bytes)

VM state: not at safepoint (normal execution)

VM Mutex/Monitor currently owned by a thread: None

Heap address: 0x000000070a000000, size: 3936 MB, Compressed Oops mode: Zero based, Oop shift amount: 3

CDS archive(s) mapped at: [0x00000259a2000000-0x00000259a2bd0000-0x00000259a2bd0000), size 12386304, SharedBaseAddress: 0x00000259a2000000, ArchiveRelocationMode: 1.
Compressed class space mapped at: 0x00000259a3000000-0x00000259e3000000, reserved size: 1073741824
Narrow klass base: 0x00000259a2000000, Narrow klass shift: 0, Narrow klass range: 0x100000000

GC Precious Log:
 CPUs: 12 total, 12 available
 Memory: 15741M
 Large Page Support: Disabled
 NUMA Support: Disabled
 Compressed Oops: Enabled (Zero based)
 Heap Region Size: 2M
 Heap Min Capacity: 8M
 Heap Initial Capacity: 246M
 Heap Max Capacity: 3936M
 Pre-touch: Disabled
 Parallel Workers: 10
 Concurrent Workers: 3
 Concurrent Refinement Workers: 10
 Periodic GC: Disabled

Heap:
 garbage-first heap   total 110592K, used 63893K [0x000000070a000000, 0x0000000800000000)
  region size 2048K, 18 young (36864K), 2 survivors (4096K)
 Metaspace       used 70770K, committed 71360K, reserved 1114112K
  class space    used 9385K, committed 9664K, reserved 1048576K

Heap Regions: E=young(eden), S=young(survivor), O=old, HS=humongous(starts), HC=humongous(continues), CS=collection set, F=free, OA=open archive, CA=closed archive, TAMS=top-at-mark-start (previous, next)
|   0|0x000000070a000000, 0x000000070a200000, 0x000000070a200000|100%| O|  |TAMS 0x000000070a200000, 0x000000070a000000| Untracked 
|   1|0x000000070a200000, 0x000000070a400000, 0x000000070a400000|100%| O|  |TAMS 0x000000070a400000, 0x000000070a200000| Untracked 
|   2|0x000000070a400000, 0x000000070a600000, 0x000000070a600000|100%| O|  |TAMS 0x000000070a600000, 0x000000070a400000| Untracked 
|   3|0x000000070a600000, 0x000000070a736600, 0x000000070a800000| 60%| O|  |TAMS 0x000000070a736600, 0x000000070a600000| Untracked 
|   4|0x000000070a800000, 0x000000070aa00000, 0x000000070aa00000|100%| O|  |TAMS 0x000000070aa00000, 0x000000070a800000| Untracked 
|   5|0x000000070aa00000, 0x000000070ac00000, 0x000000070ac00000|100%| O|  |TAMS 0x000000070ac00000, 0x000000070aa00000| Untracked 
|   6|0x000000070ac00000, 0x000000070ae00000, 0x000000070ae00000|100%| O|  |TAMS 0x000000070ae00000, 0x000000070ac00000| Untracked 
|   7|0x000000070ae00000, 0x000000070b000000, 0x000000070b000000|100%| O|  |TAMS 0x000000070b000000, 0x000000070ae00000| Untracked 
|   8|0x000000070b000000, 0x000000070b200000, 0x000000070b200000|100%| O|  |TAMS 0x000000070b200000, 0x000000070b000000| Untracked 
|   9|0x000000070b200000, 0x000000070b400000, 0x000000070b400000|100%| O|  |TAMS 0x000000070b400000, 0x000000070b200000| Untracked 
|  10|0x000000070b400000, 0x000000070b600000, 0x000000070b600000|100%| O|  |TAMS 0x000000070b600000, 0x000000070b400000| Untracked 
|  11|0x000000070b600000, 0x000000070b800000, 0x000000070b800000|100%| O|  |TAMS 0x000000070b800000, 0x000000070b600000| Untracked 
|  12|0x000000070b800000, 0x000000070b83f000, 0x000000070ba00000| 12%| O|  |TAMS 0x000000070b83f000, 0x000000070b800000| Untracked 
|  13|0x000000070ba00000, 0x000000070bc00000, 0x000000070bc00000|100%| O|  |TAMS 0x000000070ba00000, 0x000000070ba00000| Untracked 
|  14|0x000000070bc00000, 0x000000070be00000, 0x000000070be00000|100%| O|  |TAMS 0x000000070bc00000, 0x000000070bc00000| Untracked 
|  15|0x000000070be00000, 0x000000070c000000, 0x000000070c000000|100%| O|  |TAMS 0x000000070be00000, 0x000000070be00000| Untracked 
|  16|0x000000070c000000, 0x000000070c03dc00, 0x000000070c200000| 12%| O|  |TAMS 0x000000070c000000, 0x000000070c000000| Untracked 
|  17|0x000000070c200000, 0x000000070c200000, 0x000000070c400000|  0%| F|  |TAMS 0x000000070c200000, 0x000000070c200000| Untracked 
|  18|0x000000070c400000, 0x000000070c400000, 0x000000070c600000|  0%| F|  |TAMS 0x000000070c400000, 0x000000070c400000| Untracked 
|  19|0x000000070c600000, 0x000000070c600000, 0x000000070c800000|  0%| F|  |TAMS 0x000000070c600000, 0x000000070c600000| Untracked 
|  20|0x000000070c800000, 0x000000070c800000, 0x000000070ca00000|  0%| F|  |TAMS 0x000000070c800000, 0x000000070c800000| Untracked 
|  21|0x000000070ca00000, 0x000000070ca00000, 0x000000070cc00000|  0%| F|  |TAMS 0x000000070ca00000, 0x000000070ca00000| Untracked 
|  22|0x000000070cc00000, 0x000000070cc00000, 0x000000070ce00000|  0%| F|  |TAMS 0x000000070cc00000, 0x000000070cc00000| Untracked 
|  23|0x000000070ce00000, 0x000000070ce00000, 0x000000070d000000|  0%| F|  |TAMS 0x000000070ce00000, 0x000000070ce00000| Untracked 
|  24|0x000000070d000000, 0x000000070d000000, 0x000000070d200000|  0%| F|  |TAMS 0x000000070d000000, 0x000000070d000000| Untracked 
|  25|0x000000070d200000, 0x000000070d200000, 0x000000070d400000|  0%| F|  |TAMS 0x000000070d200000, 0x000000070d200000| Untracked 
|  26|0x000000070d400000, 0x000000070d400000, 0x000000070d600000|  0%| F|  |TAMS 0x000000070d400000, 0x000000070d400000| Untracked 
|  27|0x000000070d600000, 0x000000070d6b2408, 0x000000070d800000| 34%| S|CS|TAMS 0x000000070d600000, 0x000000070d600000| Complete 
|  28|0x000000070d800000, 0x000000070da00000, 0x000000070da00000|100%| S|CS|TAMS 0x000000070d800000, 0x000000070d800000| Complete 
|  29|0x000000070da00000, 0x000000070da00000, 0x000000070dc00000|  0%| F|  |TAMS 0x000000070da00000, 0x000000070da00000| Untracked 
|  30|0x000000070dc00000, 0x000000070dc00000, 0x000000070de00000|  0%| F|  |TAMS 0x000000070dc00000, 0x000000070dc00000| Untracked 
|  31|0x000000070de00000, 0x000000070de00000, 0x000000070e000000|  0%| F|  |TAMS 0x000000070de00000, 0x000000070de00000| Untracked 
|  32|0x000000070e000000, 0x000000070e000000, 0x000000070e200000|  0%| F|  |TAMS 0x000000070e000000, 0x000000070e000000| Untracked 
|  33|0x000000070e200000, 0x000000070e200000, 0x000000070e400000|  0%| F|  |TAMS 0x000000070e200000, 0x000000070e200000| Untracked 
|  34|0x000000070e400000, 0x000000070e400000, 0x000000070e600000|  0%| F|  |TAMS 0x000000070e400000, 0x000000070e400000| Untracked 
|  35|0x000000070e600000, 0x000000070e600000, 0x000000070e800000|  0%| F|  |TAMS 0x000000070e600000, 0x000000070e600000| Untracked 
|  36|0x000000070e800000, 0x000000070e800000, 0x000000070ea00000|  0%| F|  |TAMS 0x000000070e800000, 0x000000070e800000| Untracked 
|  37|0x000000070ea00000, 0x000000070ea00000, 0x000000070ec00000|  0%| F|  |TAMS 0x000000070ea00000, 0x000000070ea00000| Untracked 
|  38|0x000000070ec00000, 0x000000070ed34f80, 0x000000070ee00000| 60%| E|  |TAMS 0x000000070ec00000, 0x000000070ec00000| Complete 
|  39|0x000000070ee00000, 0x000000070f000000, 0x000000070f000000|100%| E|CS|TAMS 0x000000070ee00000, 0x000000070ee00000| Complete 
|  40|0x000000070f000000, 0x000000070f200000, 0x000000070f200000|100%| E|CS|TAMS 0x000000070f000000, 0x000000070f000000| Complete 
|  41|0x000000070f200000, 0x000000070f400000, 0x000000070f400000|100%| E|CS|TAMS 0x000000070f200000, 0x000000070f200000| Complete 
|  42|0x000000070f400000, 0x000000070f600000, 0x000000070f600000|100%| E|CS|TAMS 0x000000070f400000, 0x000000070f400000| Complete 
|  43|0x000000070f600000, 0x000000070f800000, 0x000000070f800000|100%| E|CS|TAMS 0x000000070f600000, 0x000000070f600000| Complete 
|  44|0x000000070f800000, 0x000000070fa00000, 0x000000070fa00000|100%| E|CS|TAMS 0x000000070f800000, 0x000000070f800000| Complete 
|  45|0x000000070fa00000, 0x000000070fc00000, 0x000000070fc00000|100%| E|CS|TAMS 0x000000070fa00000, 0x000000070fa00000| Complete 
|  46|0x000000070fc00000, 0x000000070fe00000, 0x000000070fe00000|100%| E|CS|TAMS 0x000000070fc00000, 0x000000070fc00000| Complete 
|  47|0x000000070fe00000, 0x0000000710000000, 0x0000000710000000|100%| E|CS|TAMS 0x000000070fe00000, 0x000000070fe00000| Complete 
|  48|0x0000000710000000, 0x0000000710200000, 0x0000000710200000|100%| E|CS|TAMS 0x0000000710000000, 0x0000000710000000| Complete 
|  49|0x0000000710200000, 0x0000000710400000, 0x0000000710400000|100%| E|CS|TAMS 0x0000000710200000, 0x0000000710200000| Complete 
|  50|0x0000000710400000, 0x0000000710600000, 0x0000000710600000|100%| E|CS|TAMS 0x0000000710400000, 0x0000000710400000| Complete 
| 112|0x0000000718000000, 0x0000000718200000, 0x0000000718200000|100%| E|CS|TAMS 0x0000000718000000, 0x0000000718000000| Complete 
| 113|0x0000000718200000, 0x0000000718400000, 0x0000000718400000|100%| E|CS|TAMS 0x0000000718200000, 0x0000000718200000| Complete 
| 122|0x0000000719400000, 0x0000000719600000, 0x0000000719600000|100%| E|CS|TAMS 0x0000000719400000, 0x0000000719400000| Complete 

Card table byte_map: [0x00000259967d0000,0x0000025996f80000] _byte_map_base: 0x0000025992f80000

Marking Bits (Prev, Next): (CMBitMap*) 0x00000259ff2088d0, (CMBitMap*) 0x00000259ff208890
 Prev Bits: [0x000002599b4b0000, 0x000002599f230000)
 Next Bits: [0x0000025997730000, 0x000002599b4b0000)

Polling page: 0x00000259fd100000

Metaspace:

Usage:
  Non-class:     59.95 MB used.
      Class:      9.17 MB used.
       Both:     69.11 MB used.

Virtual space:
  Non-class space:       64.00 MB reserved,      60.25 MB ( 94%) committed,  1 nodes.
      Class space:        1.00 GB reserved,       9.44 MB ( <1%) committed,  1 nodes.
             Both:        1.06 GB reserved,      69.69 MB (  6%) committed. 

Chunk freelists:
   Non-Class:  3.41 MB
       Class:  6.58 MB
        Both:  9.98 MB

MaxMetaspaceSize: unlimited
CompressedClassSpaceSize: 1.00 GB
Initial GC threshold: 21.00 MB
Current GC threshold: 98.25 MB
CDS: on
MetaspaceReclaimPolicy: balanced
 - commit_granule_bytes: 65536.
 - commit_granule_words: 8192.
 - virtual_space_node_default_size: 8388608.
 - enlarge_chunks_in_place: 1.
 - new_chunks_are_fully_committed: 0.
 - uncommit_free_chunks: 1.
 - use_allocation_guard: 0.
 - handle_deallocations: 1.


Internal statistics:

num_allocs_failed_limit: 9.
num_arena_births: 920.
num_arena_deaths: 0.
num_vsnodes_births: 2.
num_vsnodes_deaths: 0.
num_space_committed: 1115.
num_space_uncommitted: 0.
num_chunks_returned_to_freelist: 9.
num_chunks_taken_from_freelist: 3482.
num_chunk_merges: 9.
num_chunk_splits: 2432.
num_chunks_enlarged: 1810.
num_purges: 0.
num_inconsistent_stats: 0.

CodeHeap 'non-profiled nmethods': size=120000Kb used=6400Kb max_used=6400Kb free=113599Kb
 bounds [0x000002598f2a0000, 0x000002598f8f0000, 0x00000259967d0000]
CodeHeap 'profiled nmethods': size=120000Kb used=18047Kb max_used=18047Kb free=101952Kb
 bounds [0x00000259877d0000, 0x0000025988970000, 0x000002598ed00000]
CodeHeap 'non-nmethods': size=5760Kb used=1360Kb max_used=1415Kb free=4399Kb
 bounds [0x000002598ed00000, 0x000002598ef70000, 0x000002598f2a0000]
 total_blobs=10081 nmethods=9384 adapters=608
 compilation: enabled
              stopped_count=0, restarted_count=0
 full_count=0

Compilation events (20 events):
Event: 92296.747 Thread 0x00000259e7001090 nmethod 10198 0x000002598896ca90 code [0x000002598896cc40, 0x000002598896cd98]
Event: 92296.755 Thread 0x00000259a1ece4f0 10199       4       sun.security.ssl.Record::putInt16 (31 bytes)
Event: 92296.755 Thread 0x00000259e7001090 10200       3       java.nio.charset.Charset::lookup2 (78 bytes)
Event: 92296.757 Thread 0x00000259e7001090 nmethod 10200 0x000002598896ce90 code [0x000002598896d0e0, 0x000002598896dd28]
Event: 92296.757 Thread 0x00000259a1ece4f0 nmethod 10199 0x000002598f8ddd90 code [0x000002598f8ddf20, 0x000002598f8de0f8]
Event: 94984.286 Thread 0x00000259e7001090 10201       3       com.mysql.cj.protocol.AbstractSocketConnection::getNetworkResources (20 bytes)
Event: 94984.286 Thread 0x00000259e7001090 nmethod 10201 0x000002598896e010 code [0x000002598896e1c0, 0x000002598896e538]
Event: 94984.286 Thread 0x00000259e7001090 10202       3       com.mysql.cj.protocol.NetworkResources::<init> (20 bytes)
Event: 94984.286 Thread 0x00000259e7001090 nmethod 10202 0x000002598896e610 code [0x000002598896e7c0, 0x000002598896ea58]
Event: 94984.287 Thread 0x00000259e7001090 10203   !   3       sun.security.ssl.SSLCipher$T13GcmWriteCipherGenerator$GcmWriteCipher::dispose (20 bytes)
Event: 94984.287 Thread 0x00000259e7001090 nmethod 10203 0x000002598896eb10 code [0x000002598896ece0, 0x000002598896f0c8]
Event: 94984.287 Thread 0x00000259e7001090 10204       1       com.mysql.cj.NativeSession::setForceClosedReason (6 bytes)
Event: 94984.287 Thread 0x00000259e7001090 nmethod 10204 0x000002598f8de310 code [0x000002598f8de4a0, 0x000002598f8de5b8]
Event: 94984.288 Thread 0x00000259a1ece4f0 10205       4       sun.security.util.math.intpoly.IntegerPolynomial::setLimbsValuePositive (49 bytes)
Event: 94984.304 Thread 0x00000259a1ece4f0 nmethod 10205 0x000002598f8de610 code [0x000002598f8de800, 0x000002598f8df868]
Event: 94984.304 Thread 0x00000259a1ece4f0 10206 %     4       sun.security.ec.XECOperations::pointMultiply @ 101 (383 bytes)
Event: 94984.323 Thread 0x00000259e7001090 10209       3       java.security.MessageDigest::reset (10 bytes)
Event: 94984.323 Thread 0x00000259e7001090 nmethod 10209 0x000002598896f290 code [0x000002598896f440, 0x000002598896f708]
Event: 94984.323 Thread 0x00000259e7001090 10210       3       java.security.MessageDigest$Delegate::engineReset (8 bytes)
Event: 94984.323 Thread 0x00000259e7001090 nmethod 10210 0x000002598896f810 code [0x000002598896f9c0, 0x000002598896fba8]

GC Heap History (20 events):
Event: 3.083 GC heap before
{Heap before GC invocations=6 (full 0):
 garbage-first heap   total 61440K, used 37608K [0x000000070a000000, 0x0000000800000000)
  region size 2048K, 14 young (28672K), 3 survivors (6144K)
 Metaspace       used 32636K, committed 33024K, reserved 1114112K
  class space    used 4289K, committed 4480K, reserved 1048576K
}
Event: 3.086 GC heap after
{Heap after GC invocations=7 (full 0):
 garbage-first heap   total 61440K, used 18482K [0x000000070a000000, 0x0000000800000000)
  region size 2048K, 1 young (2048K), 1 survivors (2048K)
 Metaspace       used 32636K, committed 33024K, reserved 1114112K
  class space    used 4289K, committed 4480K, reserved 1048576K
}
Event: 3.235 GC heap before
{Heap before GC invocations=7 (full 0):
 garbage-first heap   total 61440K, used 26674K [0x000000070a000000, 0x0000000800000000)
  region size 2048K, 6 young (12288K), 1 survivors (2048K)
 Metaspace       used 35615K, committed 35968K, reserved 1114112K
  class space    used 4614K, committed 4800K, reserved 1048576K
}
Event: 3.237 GC heap after
{Heap after GC invocations=8 (full 0):
 garbage-first heap   total 61440K, used 18943K [0x000000070a000000, 0x0000000800000000)
  region size 2048K, 1 young (2048K), 1 survivors (2048K)
 Metaspace       used 35615K, committed 35968K, reserved 1114112K
  class space    used 4614K, committed 4800K, reserved 1048576K
}
Event: 3.778 GC heap before
{Heap before GC invocations=9 (full 0):
 garbage-first heap   total 61440K, used 41471K [0x000000070a000000, 0x0000000800000000)
  region size 2048K, 13 young (26624K), 1 survivors (2048K)
 Metaspace       used 44608K, committed 45056K, reserved 1114112K
  class space    used 5778K, committed 6016K, reserved 1048576K
}
Event: 3.781 GC heap after
{Heap after GC invocations=10 (full 0):
 garbage-first heap   total 61440K, used 21262K [0x000000070a000000, 0x0000000800000000)
  region size 2048K, 2 young (4096K), 2 survivors (4096K)
 Metaspace       used 44608K, committed 45056K, reserved 1114112K
  class space    used 5778K, committed 6016K, reserved 1048576K
}
Event: 4.149 GC heap before
{Heap before GC invocations=10 (full 0):
 garbage-first heap   total 61440K, used 41742K [0x000000070a000000, 0x0000000800000000)
  region size 2048K, 13 young (26624K), 2 survivors (4096K)
 Metaspace       used 50540K, committed 51008K, reserved 1114112K
  class space    used 6749K, committed 6976K, reserved 1048576K
}
Event: 4.153 GC heap after
{Heap after GC invocations=11 (full 0):
 garbage-first heap   total 61440K, used 22731K [0x000000070a000000, 0x0000000800000000)
  region size 2048K, 1 young (2048K), 1 survivors (2048K)
 Metaspace       used 50540K, committed 51008K, reserved 1114112K
  class space    used 6749K, committed 6976K, reserved 1048576K
}
Event: 4.540 GC heap before
{Heap before GC invocations=11 (full 0):
 garbage-first heap   total 61440K, used 45259K [0x000000070a000000, 0x0000000800000000)
  region size 2048K, 12 young (24576K), 1 survivors (2048K)
 Metaspace       used 55249K, committed 55680K, reserved 1114112K
  class space    used 7404K, committed 7616K, reserved 1048576K
}
Event: 4.542 GC heap after
{Heap after GC invocations=12 (full 0):
 garbage-first heap   total 61440K, used 24068K [0x000000070a000000, 0x0000000800000000)
  region size 2048K, 2 young (4096K), 2 survivors (4096K)
 Metaspace       used 55249K, committed 55680K, reserved 1114112K
  class space    used 7404K, committed 7616K, reserved 1048576K
}
Event: 4.750 GC heap before
{Heap before GC invocations=12 (full 0):
 garbage-first heap   total 61440K, used 42500K [0x000000070a000000, 0x0000000800000000)
  region size 2048K, 12 young (24576K), 2 survivors (4096K)
 Metaspace       used 57029K, committed 57472K, reserved 1114112K
  class space    used 7620K, committed 7808K, reserved 1048576K
}
Event: 4.753 GC heap after
{Heap after GC invocations=13 (full 0):
 garbage-first heap   total 61440K, used 25191K [0x000000070a000000, 0x0000000800000000)
  region size 2048K, 2 young (4096K), 2 survivors (4096K)
 Metaspace       used 57029K, committed 57472K, reserved 1114112K
  class space    used 7620K, committed 7808K, reserved 1048576K
}
Event: 4.955 GC heap before
{Heap before GC invocations=13 (full 0):
 garbage-first heap   total 61440K, used 45671K [0x000000070a000000, 0x0000000800000000)
  region size 2048K, 12 young (24576K), 2 survivors (4096K)
 Metaspace       used 59698K, committed 60160K, reserved 1114112K
  class space    used 8132K, committed 8320K, reserved 1048576K
}
Event: 4.958 GC heap after
{Heap after GC invocations=14 (full 0):
 garbage-first heap   total 157696K, used 26375K [0x000000070a000000, 0x0000000800000000)
  region size 2048K, 2 young (4096K), 2 survivors (4096K)
 Metaspace       used 59698K, committed 60160K, reserved 1114112K
  class space    used 8132K, committed 8320K, reserved 1048576K
}
Event: 4.987 GC heap before
{Heap before GC invocations=14 (full 0):
 garbage-first heap   total 157696K, used 30471K [0x000000070a000000, 0x0000000800000000)
  region size 2048K, 5 young (10240K), 2 survivors (4096K)
 Metaspace       used 59817K, committed 60288K, reserved 1114112K
  class space    used 8143K, committed 8384K, reserved 1048576K
}
Event: 4.989 GC heap after
{Heap after GC invocations=15 (full 0):
 garbage-first heap   total 157696K, used 26448K [0x000000070a000000, 0x0000000800000000)
  region size 2048K, 2 young (4096K), 2 survivors (4096K)
 Metaspace       used 59817K, committed 60288K, reserved 1114112K
  class space    used 8143K, committed 8384K, reserved 1048576K
}
Event: 309.557 GC heap before
{Heap before GC invocations=16 (full 0):
 garbage-first heap   total 110592K, used 85840K [0x000000070a000000, 0x0000000800000000)
  region size 2048K, 32 young (65536K), 2 survivors (4096K)
 Metaspace       used 69161K, committed 69696K, reserved 1114112K
  class space    used 9330K, committed 9600K, reserved 1048576K
}
Event: 309.562 GC heap after
{Heap after GC invocations=17 (full 0):
 garbage-first heap   total 110592K, used 30599K [0x000000070a000000, 0x0000000800000000)
  region size 2048K, 4 young (8192K), 4 survivors (8192K)
 Metaspace       used 69161K, committed 69696K, reserved 1114112K
  class space    used 9330K, committed 9600K, reserved 1048576K
}
Event: 35270.157 GC heap before
{Heap before GC invocations=17 (full 0):
 garbage-first heap   total 110592K, used 79751K [0x000000070a000000, 0x0000000800000000)
  region size 2048K, 29 young (59392K), 4 survivors (8192K)
 Metaspace       used 70606K, committed 71232K, reserved 1114112K
  class space    used 9384K, committed 9664K, reserved 1048576K
}
Event: 35270.184 GC heap after
{Heap after GC invocations=18 (full 0):
 garbage-first heap   total 110592K, used 33173K [0x000000070a000000, 0x0000000800000000)
  region size 2048K, 2 young (4096K), 2 survivors (4096K)
 Metaspace       used 70606K, committed 71232K, reserved 1114112K
  class space    used 9384K, committed 9664K, reserved 1048576K
}

Deoptimization events (20 events):
Event: 90499.905 Thread 0x00000259eaed6ad0 DEOPT PACKING pc=0x0000025988742a6b sp=0x000000cb1a4fe220
Event: 90499.905 Thread 0x00000259eaed6ad0 DEOPT UNPACKING pc=0x000002598ed52b43 sp=0x000000cb1a4fd6a8 mode 0
Event: 92264.767 Thread 0x00000259eaed6ad0 DEOPT PACKING pc=0x000002598884de58 sp=0x000000cb190fe260
Event: 92264.767 Thread 0x00000259eaed6ad0 DEOPT UNPACKING pc=0x000002598ed52b43 sp=0x000000cb190fd6c0 mode 0
Event: 92264.775 Thread 0x00000259eaed6ad0 Uncommon trap: trap_request=0xffffffbe fr.pc=0x000002598f8d2bf4 relative=0x00000000000002d4
Event: 92264.775 Thread 0x00000259eaed6ad0 Uncommon trap: reason=profile_predicate action=maybe_recompile pc=0x000002598f8d2bf4 method=sun.security.provider.HashDrbg.addBytes([BI[[B)V @ 36 c2
Event: 92264.775 Thread 0x00000259eaed6ad0 DEOPT PACKING pc=0x000002598f8d2bf4 sp=0x000000cb190fdf20
Event: 92264.775 Thread 0x00000259eaed6ad0 DEOPT UNPACKING pc=0x000002598ed523a3 sp=0x000000cb190fde80 mode 2
Event: 92264.775 Thread 0x00000259eaed6ad0 Uncommon trap: trap_request=0xffffffbe fr.pc=0x000002598f8d2bf4 relative=0x00000000000002d4
Event: 92264.775 Thread 0x00000259eaed6ad0 Uncommon trap: reason=profile_predicate action=maybe_recompile pc=0x000002598f8d2bf4 method=sun.security.provider.HashDrbg.addBytes([BI[[B)V @ 36 c2
Event: 92264.775 Thread 0x00000259eaed6ad0 DEOPT PACKING pc=0x000002598f8d2bf4 sp=0x000000cb190fdf20
Event: 92264.776 Thread 0x00000259eaed6ad0 DEOPT UNPACKING pc=0x000002598ed523a3 sp=0x000000cb190fde80 mode 2
Event: 92272.614 Thread 0x00000259eaed9150 Uncommon trap: trap_request=0xffffffbe fr.pc=0x000002598f8d2bf4 relative=0x00000000000002d4
Event: 92272.614 Thread 0x00000259eaed9150 Uncommon trap: reason=profile_predicate action=maybe_recompile pc=0x000002598f8d2bf4 method=sun.security.provider.HashDrbg.addBytes([BI[[B)V @ 36 c2
Event: 92272.614 Thread 0x00000259eaed9150 DEOPT PACKING pc=0x000002598f8d2bf4 sp=0x000000cb190fdba0
Event: 92272.614 Thread 0x00000259eaed9150 DEOPT UNPACKING pc=0x000002598ed523a3 sp=0x000000cb190fdb00 mode 2
Event: 92272.614 Thread 0x00000259eaed9150 Uncommon trap: trap_request=0xffffffbe fr.pc=0x000002598f8d2bf4 relative=0x00000000000002d4
Event: 92272.614 Thread 0x00000259eaed9150 Uncommon trap: reason=profile_predicate action=maybe_recompile pc=0x000002598f8d2bf4 method=sun.security.provider.HashDrbg.addBytes([BI[[B)V @ 36 c2
Event: 92272.614 Thread 0x00000259eaed9150 DEOPT PACKING pc=0x000002598f8d2bf4 sp=0x000000cb190fdf70
Event: 92272.614 Thread 0x00000259eaed9150 DEOPT UNPACKING pc=0x000002598ed523a3 sp=0x000000cb190fded0 mode 2

Classes unloaded (0 events):
No events

Classes redefined (0 events):
No events

Internal exceptions (20 events):
Event: 83742.288 Thread 0x00000259eaedb300 Exception <a 'java/net/SocketException'{0x000000070fe79d60}: Connection reset by peer: shutdown> (0x000000070fe79d60) 
thrown [s\open\src\hotspot\share\prims\jni.cpp, line 535]
Event: 83742.288 Thread 0x00000259eaedb300 Exception <a 'java/io/IOException'{0x000000070fe7b150}> (0x000000070fe7b150) 
thrown [s\open\src\hotspot\share\prims\jni.cpp, line 516]
Event: 83742.288 Thread 0x00000259eaedb300 Exception <a 'java/io/IOException'{0x000000070fe7bc90}> (0x000000070fe7bc90) 
thrown [s\open\src\hotspot\share\prims\jni.cpp, line 516]
Event: 88180.517 Thread 0x00000259eaedde50 Exception <a 'java/io/IOException'{0x000000070fae0880}> (0x000000070fae0880) 
thrown [s\open\src\hotspot\share\prims\jni.cpp, line 516]
Event: 88180.517 Thread 0x00000259eaedde50 Exception <a 'java/io/IOException'{0x000000070fae13c0}> (0x000000070fae13c0) 
thrown [s\open\src\hotspot\share\prims\jni.cpp, line 516]
Event: 88180.518 Thread 0x00000259eaedde50 Exception <a 'java/net/SocketException'{0x000000070fae8cf0}: Connection reset by peer: shutdown> (0x000000070fae8cf0) 
thrown [s\open\src\hotspot\share\prims\jni.cpp, line 535]
Event: 88180.520 Thread 0x00000259eaedde50 Exception <a 'java/net/SocketException'{0x000000070fb08a68}: Connection reset by peer: shutdown> (0x000000070fb08a68) 
thrown [s\open\src\hotspot\share\prims\jni.cpp, line 535]
Event: 90499.844 Thread 0x00000259eaedcb10 Exception <a 'java/net/SocketException'{0x000000070f70b2c8}: Connection reset by peer: shutdown> (0x000000070f70b2c8) 
thrown [s\open\src\hotspot\share\prims\jni.cpp, line 535]
Event: 90499.863 Thread 0x00000259eaedcb10 Exception <a 'java/io/IOException'{0x000000070f718c58}> (0x000000070f718c58) 
thrown [s\open\src\hotspot\share\prims\jni.cpp, line 516]
Event: 90499.869 Thread 0x00000259eaedcb10 Exception <a 'java/io/IOException'{0x000000070f71df60}> (0x000000070f71df60) 
thrown [s\open\src\hotspot\share\prims\jni.cpp, line 516]
Event: 92263.407 Thread 0x00000259eaedb300 Exception <a 'java/io/IOException'{0x000000070f358a20}> (0x000000070f358a20) 
thrown [s\open\src\hotspot\share\prims\jni.cpp, line 516]
Event: 92272.612 Thread 0x00000259eaedd4b0 Exception <a 'java/net/SocketException'{0x000000070f149ea0}: Connection reset by peer: shutdown> (0x000000070f149ea0) 
thrown [s\open\src\hotspot\share\prims\jni.cpp, line 535]
Event: 92288.024 Thread 0x00000259eaedde50 Exception <a 'java/net/SocketException'{0x000000070f1c4e40}: Connection reset by peer: shutdown> (0x000000070f1c4e40) 
thrown [s\open\src\hotspot\share\prims\jni.cpp, line 535]
Event: 92292.354 Thread 0x00000259eaedde50 Exception <a 'java/io/IOException'{0x000000070f1c6208}> (0x000000070f1c6208) 
thrown [s\open\src\hotspot\share\prims\jni.cpp, line 516]
Event: 92292.354 Thread 0x00000259eaedde50 Exception <a 'java/io/IOException'{0x000000070f1c6d48}> (0x000000070f1c6d48) 
thrown [s\open\src\hotspot\share\prims\jni.cpp, line 516]
Event: 94984.285 Thread 0x00000259eaed9af0 Exception <a 'java/net/SocketException'{0x000000070eff6cb0}: Connection reset by peer: shutdown> (0x000000070eff6cb0) 
thrown [s\open\src\hotspot\share\prims\jni.cpp, line 535]
Event: 94984.287 Thread 0x00000259eaed9af0 Exception <a 'java/io/IOException'{0x000000070ec16b70}> (0x000000070ec16b70) 
thrown [s\open\src\hotspot\share\prims\jni.cpp, line 516]
Event: 94984.287 Thread 0x00000259eaed9af0 Exception <a 'java/io/IOException'{0x000000070ec176b0}> (0x000000070ec176b0) 
thrown [s\open\src\hotspot\share\prims\jni.cpp, line 516]
Event: 94984.288 Thread 0x00000259eaed9af0 Exception <a 'java/io/IOException'{0x000000070ec19dd0}> (0x000000070ec19dd0) 
thrown [s\open\src\hotspot\share\prims\jni.cpp, line 516]
Event: 94984.288 Thread 0x00000259eaed9af0 Exception <a 'java/io/IOException'{0x000000070ec1a910}> (0x000000070ec1a910) 
thrown [s\open\src\hotspot\share\prims\jni.cpp, line 516]

VM Operations (20 events):
Event: 73802.077 Executing VM operation: Cleanup
Event: 73802.077 Executing VM operation: Cleanup done
Event: 83743.279 Executing VM operation: Cleanup
Event: 83743.279 Executing VM operation: Cleanup done
Event: 84008.840 Executing VM operation: Cleanup
Event: 84008.840 Executing VM operation: Cleanup done
Event: 88181.400 Executing VM operation: Cleanup
Event: 88181.400 Executing VM operation: Cleanup done
Event: 88888.115 Executing VM operation: Cleanup
Event: 88888.115 Executing VM operation: Cleanup done
Event: 90499.902 Executing VM operation: Cleanup
Event: 90499.902 Executing VM operation: Cleanup done
Event: 90500.903 Executing VM operation: Cleanup
Event: 90500.904 Executing VM operation: Cleanup done
Event: 92257.741 Executing VM operation: Cleanup
Event: 92257.741 Executing VM operation: Cleanup done
Event: 92263.797 Executing VM operation: Cleanup
Event: 92263.797 Executing VM operation: Cleanup done
Event: 92293.055 Executing VM operation: Cleanup
Event: 92293.055 Executing VM operation: Cleanup done

Events (20 events):
Event: 88185.533 Thread 0x00000259eaedde50 Thread exited: 0x00000259eaedde50
Event: 88185.829 Thread 0x00000259eaedcfe0 Thread exited: 0x00000259eaedcfe0
Event: 90499.843 Thread 0x00000259eaedcb10 Thread added: 0x00000259eaedcb10
Event: 90499.843 Thread 0x00000259eaed6ad0 Thread added: 0x00000259eaed6ad0
Event: 90504.886 Thread 0x00000259eaedcb10 Thread exited: 0x00000259eaedcb10
Event: 90505.245 Thread 0x00000259eaed6ad0 Thread exited: 0x00000259eaed6ad0
Event: 92256.855 Thread 0x00000259eaedb300 Thread added: 0x00000259eaedb300
Event: 92256.855 Thread 0x00000259eaed6ad0 Thread added: 0x00000259eaed6ad0
Event: 92269.763 Thread 0x00000259eaedb300 Thread exited: 0x00000259eaedb300
Event: 92269.795 Thread 0x00000259eaed6ad0 Thread exited: 0x00000259eaed6ad0
Event: 92272.611 Thread 0x00000259eaedd4b0 Thread added: 0x00000259eaedd4b0
Event: 92272.611 Thread 0x00000259eaed9150 Thread added: 0x00000259eaed9150
Event: 92277.617 Thread 0x00000259eaedd4b0 Thread exited: 0x00000259eaedd4b0
Event: 92277.648 Thread 0x00000259eaed9150 Thread exited: 0x00000259eaed9150
Event: 92288.021 Thread 0x00000259eaedde50 Thread added: 0x00000259eaedde50
Event: 92288.021 Thread 0x00000259eaedb300 Thread added: 0x00000259eaedb300
Event: 92301.747 Thread 0x00000259eaedde50 Thread exited: 0x00000259eaedde50
Event: 92301.778 Thread 0x00000259eaedb300 Thread exited: 0x00000259eaedb300
Event: 94984.283 Thread 0x00000259eaed9af0 Thread added: 0x00000259eaed9af0
Event: 94984.283 Thread 0x00000259eaedb300 Thread added: 0x00000259eaedb300


Dynamic libraries:
0x00007ff77c670000 - 0x00007ff77c680000 	C:\Program Files\Java\jdk-17\bin\java.exe
0x00007fffb2bd0000 - 0x00007fffb2de7000 	C:\WINDOWS\SYSTEM32\ntdll.dll
0x00007fffb1330000 - 0x00007fffb13f4000 	C:\WINDOWS\System32\KERNEL32.DLL
0x00007fffb0130000 - 0x00007fffb04dd000 	C:\WINDOWS\System32\KERNELBASE.dll
0x00007fffaffa0000 - 0x00007fffb00b1000 	C:\WINDOWS\System32\ucrtbase.dll
0x00007fffab980000 - 0x00007fffab999000 	C:\Program Files\Java\jdk-17\bin\jli.dll
0x00007fffabcf0000 - 0x00007fffabd0b000 	C:\Program Files\Java\jdk-17\bin\VCRUNTIME140.dll
0x00007fffb1270000 - 0x00007fffb1322000 	C:\WINDOWS\System32\ADVAPI32.dll
0x00007fffb1610000 - 0x00007fffb16b7000 	C:\WINDOWS\System32\msvcrt.dll
0x00007fffb2280000 - 0x00007fffb2329000 	C:\WINDOWS\System32\sechost.dll
0x00007fffb04e0000 - 0x00007fffb0508000 	C:\WINDOWS\System32\bcrypt.dll
0x00007fffb0d90000 - 0x00007fffb0ea4000 	C:\WINDOWS\System32\RPCRT4.dll
0x00007fffb1a50000 - 0x00007fffb1bfe000 	C:\WINDOWS\System32\USER32.dll
0x00007fffb05d0000 - 0x00007fffb05f6000 	C:\WINDOWS\System32\win32u.dll
0x00007fffb1460000 - 0x00007fffb1489000 	C:\WINDOWS\System32\GDI32.dll
0x00007fffb0600000 - 0x00007fffb0719000 	C:\WINDOWS\System32\gdi32full.dll
0x00007fff966e0000 - 0x00007fff96973000 	C:\WINDOWS\WinSxS\amd64_microsoft.windows.common-controls_6595b64144ccf1df_6.0.22621.3672_none_2713b9d173822955\COMCTL32.dll
0x00007fffaff00000 - 0x00007fffaff9a000 	C:\WINDOWS\System32\msvcp_win.dll
0x00007fffa6d80000 - 0x00007fffa6d8a000 	C:\WINDOWS\SYSTEM32\VERSION.dll
0x00007fffb1070000 - 0x00007fffb10a1000 	C:\WINDOWS\System32\IMM32.DLL
0x00007fffab970000 - 0x00007fffab97c000 	C:\Program Files\Java\jdk-17\bin\vcruntime140_1.dll
0x00007fffa8300000 - 0x00007fffa838e000 	C:\Program Files\Java\jdk-17\bin\msvcp140.dll
0x00007fff8cfd0000 - 0x00007fff8dbae000 	C:\Program Files\Java\jdk-17\bin\server\jvm.dll
0x00007fffb1700000 - 0x00007fffb1708000 	C:\WINDOWS\System32\PSAPI.DLL
0x00007fff9d340000 - 0x00007fff9d349000 	C:\WINDOWS\SYSTEM32\WSOCK32.dll
0x00007fffadcb0000 - 0x00007fffadce4000 	C:\WINDOWS\SYSTEM32\WINMM.dll
0x00007fffb1fa0000 - 0x00007fffb2011000 	C:\WINDOWS\System32\WS2_32.dll
0x00007fffaef30000 - 0x00007fffaef48000 	C:\WINDOWS\SYSTEM32\kernel.appcore.dll
0x00007fffab3d0000 - 0x00007fffab3da000 	C:\Program Files\Java\jdk-17\bin\jimage.dll
0x00007fffad6f0000 - 0x00007fffad922000 	C:\WINDOWS\SYSTEM32\DBGHELP.DLL
0x00007fffb1c10000 - 0x00007fffb1f98000 	C:\WINDOWS\System32\combase.dll
0x00007fffb1710000 - 0x00007fffb17e7000 	C:\WINDOWS\System32\OLEAUT32.dll
0x00007fffa6cd0000 - 0x00007fffa6d02000 	C:\WINDOWS\SYSTEM32\dbgcore.DLL
0x00007fffb0720000 - 0x00007fffb079b000 	C:\WINDOWS\System32\bcryptPrimitives.dll
0x00007fffa97b0000 - 0x00007fffa97d5000 	C:\Program Files\Java\jdk-17\bin\java.dll
0x00007fffa03a0000 - 0x00007fffa0477000 	C:\Program Files\Java\jdk-17\bin\jsvml.dll
0x00007fffb2330000 - 0x00007fffb2b8f000 	C:\WINDOWS\System32\SHELL32.dll
0x00007fffade50000 - 0x00007fffae74c000 	C:\WINDOWS\SYSTEM32\windows.storage.dll
0x00007fffadd10000 - 0x00007fffade4f000 	C:\WINDOWS\SYSTEM32\wintypes.dll
0x00007fffb1490000 - 0x00007fffb1584000 	C:\WINDOWS\System32\SHCORE.dll
0x00007fffb1160000 - 0x00007fffb11be000 	C:\WINDOWS\System32\shlwapi.dll
0x00007fffafe30000 - 0x00007fffafe51000 	C:\WINDOWS\SYSTEM32\profapi.dll
0x00007fffab2a0000 - 0x00007fffab2b9000 	C:\Program Files\Java\jdk-17\bin\net.dll
0x00007fffab440000 - 0x00007fffab576000 	C:\WINDOWS\SYSTEM32\WINHTTP.dll
0x00007fffaf3a0000 - 0x00007fffaf409000 	C:\WINDOWS\system32\mswsock.dll
0x00007fffa9790000 - 0x00007fffa97a6000 	C:\Program Files\Java\jdk-17\bin\nio.dll
0x00007fffa9770000 - 0x00007fffa9788000 	C:\Program Files\Java\jdk-17\bin\zip.dll
0x00007fffa9b70000 - 0x00007fffa9b80000 	C:\Program Files\Java\jdk-17\bin\verify.dll
0x00007fffaf610000 - 0x00007fffaf62b000 	C:\WINDOWS\SYSTEM32\CRYPTSP.dll
0x00007fffaee90000 - 0x00007fffaeec5000 	C:\WINDOWS\system32\rsaenh.dll
0x00007fffaf4a0000 - 0x00007fffaf4c8000 	C:\WINDOWS\SYSTEM32\USERENV.dll
0x00007fffaf600000 - 0x00007fffaf60c000 	C:\WINDOWS\SYSTEM32\CRYPTBASE.dll
0x00007fffae9f0000 - 0x00007fffaea1d000 	C:\WINDOWS\SYSTEM32\IPHLPAPI.DLL
0x00007fffb19a0000 - 0x00007fffb19a9000 	C:\WINDOWS\System32\NSI.dll
0x00007fffab120000 - 0x00007fffab139000 	C:\WINDOWS\SYSTEM32\dhcpcsvc6.DLL
0x00007fffaaa70000 - 0x00007fffaaa8f000 	C:\WINDOWS\SYSTEM32\dhcpcsvc.DLL
0x00007fffaea20000 - 0x00007fffaeb18000 	C:\WINDOWS\SYSTEM32\DNSAPI.dll
0x00007fffa9520000 - 0x00007fffa952e000 	C:\Program Files\Java\jdk-17\bin\sunmscapi.dll
0x00007fffb07a0000 - 0x00007fffb0907000 	C:\WINDOWS\System32\CRYPT32.dll
0x00007fffaf7c0000 - 0x00007fffaf7ee000 	C:\WINDOWS\SYSTEM32\ncrypt.dll
0x00007fffaf780000 - 0x00007fffaf7b7000 	C:\WINDOWS\SYSTEM32\NTASN1.dll
0x00007fffa9510000 - 0x00007fffa951a000 	C:\Program Files\Java\jdk-17\bin\management.dll
0x00007fffa94f0000 - 0x00007fffa94fb000 	C:\Program Files\Java\jdk-17\bin\management_ext.dll
0x00007fffa7860000 - 0x00007fffa786a000 	C:\Windows\System32\rasadhlp.dll
0x00007fffa93c0000 - 0x00007fffa9443000 	C:\WINDOWS\System32\fwpuclnt.dll
0x00007fffa94e0000 - 0x00007fffa94e8000 	C:\WINDOWS\system32\wshunix.dll

dbghelp: loaded successfully - version: 4.0.5 - missing functions: none
symbol engine: initialized successfully - sym options: 0x614 - pdb path: .;C:\Program Files\Java\jdk-17\bin;C:\WINDOWS\SYSTEM32;C:\WINDOWS\WinSxS\amd64_microsoft.windows.common-controls_6595b64144ccf1df_6.0.22621.3672_none_2713b9d173822955;C:\Program Files\Java\jdk-17\bin\server

VM Arguments:
jvm_args: -XX:+ShowCodeDetailsInExceptionMessages 
java_command: com.example.demo.DemoApplication
java_class_path (initial): D:\Projects\LinguaPlusSoftware\student-mngmnt-backend\demo\target\classes;C:\Users\aybiy\.m2\repository\org\springframework\boot\spring-boot-starter-data-jpa\3.0.6\spring-boot-starter-data-jpa-3.0.6.jar;C:\Users\aybiy\.m2\repository\org\springframework\boot\spring-boot-starter-aop\3.0.6\spring-boot-starter-aop-3.0.6.jar;C:\Users\aybiy\.m2\repository\org\aspectj\aspectjweaver\1.9.19\aspectjweaver-1.9.19.jar;C:\Users\aybiy\.m2\repository\org\springframework\boot\spring-boot-starter-jdbc\3.0.6\spring-boot-starter-jdbc-3.0.6.jar;C:\Users\aybiy\.m2\repository\com\zaxxer\HikariCP\5.0.1\HikariCP-5.0.1.jar;C:\Users\aybiy\.m2\repository\org\springframework\spring-jdbc\6.0.8\spring-jdbc-6.0.8.jar;C:\Users\aybiy\.m2\repository\org\hibernate\orm\hibernate-core\6.1.7.Final\hibernate-core-6.1.7.Final.jar;C:\Users\aybiy\.m2\repository\jakarta\persistence\jakarta.persistence-api\3.1.0\jakarta.persistence-api-3.1.0.jar;C:\Users\aybiy\.m2\repository\jakarta\transaction\jakarta.transaction-api\2.0.1\jakarta.transaction-api-2.0.1.jar;C:\Users\aybiy\.m2\repository\org\hibernate\common\hibernate-commons-annotations\6.0.6.Final\hibernate-commons-annotations-6.0.6.Final.jar;C:\Users\aybiy\.m2\repository\org\jboss\jandex\2.4.2.Final\jandex-2.4.2.Final.jar;C:\Users\aybiy\.m2\repository\net\bytebuddy\byte-buddy\1.12.23\byte-buddy-1.12.23.jar;C:\Users\aybiy\.m2\repository\org\glassfish\jaxb\jaxb-runtime\4.0.2\jaxb-runtime-4.0.2.jar;C:\Users\aybiy\.m2\repository\org\glassfish\jaxb\jaxb-core\4.0.2\jaxb-core-4.0.2.jar;C:\Users\aybiy\.m2\repository\org\eclipse\angus\angus-activation\2.0.0\angus-activation-2.0.0.jar;C:\Users\aybiy\.m2\repository\org\glassfish\jaxb\txw2\4.0.2\txw2-4.0.2.jar;C:\Users\aybiy\.m2\repository\com\sun\istack\istack-commons-runtime\4.1.1\istack-commons-runtime-4.1.1.jar;C:\Users\aybiy\.m2\repository\jakarta\inject\jakarta.inject-api\2.0.0\jakarta.inject-api-2.0.0.jar;C:\Users\aybiy\.m2\repository\org\antlr\antlr4-runtime\4.10.1\antlr4-runtime-4.
Launcher Type: SUN_STANDARD

[Global flags]
     intx CICompilerCount                          = 4                                         {product} {ergonomic}
     uint ConcGCThreads                            = 3                                         {product} {ergonomic}
     uint G1ConcRefinementThreads                  = 10                                        {product} {ergonomic}
   size_t G1HeapRegionSize                         = 2097152                                   {product} {ergonomic}
    uintx GCDrainStackTargetSize                   = 64                                        {product} {ergonomic}
   size_t InitialHeapSize                          = 257949696                                 {product} {ergonomic}
   size_t MarkStackSize                            = 4194304                                   {product} {ergonomic}
   size_t MaxHeapSize                              = 4127195136                                {product} {ergonomic}
   size_t MaxNewSize                               = 2474639360                                {product} {ergonomic}
   size_t MinHeapDeltaBytes                        = 2097152                                   {product} {ergonomic}
   size_t MinHeapSize                              = 8388608                                   {product} {ergonomic}
    uintx NonNMethodCodeHeapSize                   = 5839372                                {pd product} {ergonomic}
    uintx NonProfiledCodeHeapSize                  = 122909434                              {pd product} {ergonomic}
    uintx ProfiledCodeHeapSize                     = 122909434                              {pd product} {ergonomic}
    uintx ReservedCodeCacheSize                    = 251658240                              {pd product} {ergonomic}
     bool SegmentedCodeCache                       = true                                      {product} {ergonomic}
     bool ShowCodeDetailsInExceptionMessages       = true                                   {manageable} {command line}
   size_t SoftMaxHeapSize                          = 4127195136                             {manageable} {ergonomic}
     bool UseCompressedClassPointers               = true                           {product lp64_product} {ergonomic}
     bool UseCompressedOops                        = true                           {product lp64_product} {ergonomic}
     bool UseG1GC                                  = true                                      {product} {ergonomic}
     bool UseLargePagesIndividualAllocation        = false                                  {pd product} {ergonomic}

Logging:
Log output configuration:
 #0: stdout all=warning uptime,level,tags
 #1: stderr all=off uptime,level,tags

Environment Variables:
JAVA_HOME=C:\Program Files\Java\jdk-17\
PATH=;C:\Program Files\MySQL\MySQL Server 8.0\bin;C:\Program Files\nodejs\;C:\Program Files\Git\cmd;D:\C++ Tools\VC\Tools\MSVC\14.39.33519\bin\Hostx64\x64;C:\Users\aybiy\AppData\Roaming\Python\Scripts;D:\Programs\Tesseract;C:\Users\aybiy\AppData\Local\Programs\Python\Python312\Scripts\;C:\Users\aybiy\AppData\Local\Programs\Python\Python312\;C:\Users\aybiy\AppData\Local\Programs\Python\Launcher\;C:\Program Files\MySQL\MySQL Shell 8.0\bin\;C:\Users\aybiy\AppData\Local\Microsoft\WindowsApps;D:\Microsoft VS Code\bin;C:\Users\aybiy\.dotnet\tools;C:\Program Files\Java\jdk1.8.0_351\bin;C:\Program Files\MongoDB\Server\6.0\bin;C:\Program Files\MongoDB\Server\5.0;C:\Program Files\MongoDB\Server\5.0\bin;D:\Downloads\apache-maven-3.9.4-bin\apache-maven-3.9.4\bin;C:\Users\aybiy\AppData\Roaming\npm;C:\ProgramData\Oracle\Java\javapath;C:\Program Files\Java\jdk1.8.0_131\bin;C:\Program Files\Microsoft SQL Server\130\Tools\Binn\;C:\Program Files\dotnet\
USERNAME=aybiy
LANG=en_US.UTF-8
OS=Windows_NT
PROCESSOR_IDENTIFIER=AMD64 Family 23 Model 96 Stepping 1, AuthenticAMD



---------------  S Y S T E M  ---------------

OS:
 Windows 11 , 64 bit Build 22621 (10.0.22621.3672)
OS uptime: 9 days 2:14 hours

CPU: total 12 (initial active 12) (12 cores per cpu, 2 threads per core) family 23 model 96 stepping 1 microcode 0x0, cx8, cmov, fxsr, ht, mmx, 3dnowpref, sse, sse2, sse3, ssse3, sse4a, sse4.1, sse4.2, popcnt, lzcnt, tsc, tscinvbit, avx, avx2, aes, clmul, bmi1, bmi2, adx, sha, fma, vzeroupper, clflush, clflushopt

Memory: 4k page, system-wide physical 15741M (900M free)
TotalPageFile size 31101M (AvailPageFile size 12M)
current process WorkingSet (physical memory assigned to process): 105M, peak: 317M
current process commit charge ("private bytes"): 353M, peak: 427M

vm_info: Java HotSpot(TM) 64-Bit Server VM (17.0.8+9-LTS-211) for windows-amd64 JRE (17.0.8+9-LTS-211), built on Jun 14 2023 10:34:31 by "mach5one" with MS VC++ 17.1 (VS2022)

END.
